../Middlewares/ST/touchgfx/framework/include/touchgfx/UIEventListener.hpp:44:18:virtual void touchgfx::UIEventListener::handleClickEvent(const touchgfx::ClickEvent&)	16	static
../Middlewares/ST/touchgfx/framework/include/touchgfx/UIEventListener.hpp:54:18:virtual void touchgfx::UIEventListener::handleDragEvent(const touchgfx::DragEvent&)	16	static
../Middlewares/ST/touchgfx/framework/include/touchgfx/UIEventListener.hpp:64:18:virtual void touchgfx::UIEventListener::handleGestureEvent(const touchgfx::GestureEvent&)	16	static
../Middlewares/ST/touchgfx/framework/include/touchgfx/UIEventListener.hpp:74:18:virtual void touchgfx::UIEventListener::handleKeyEvent(uint8_t)	16	static
../Middlewares/ST/touchgfx/framework/include/touchgfx/UIEventListener.hpp:83:18:virtual void touchgfx::UIEventListener::handleTickEvent()	16	static
../Middlewares/ST/touchgfx/framework/include/touchgfx/UIEventListener.hpp:88:18:virtual void touchgfx::UIEventListener::handlePendingScreenTransition()	16	static
../Middlewares/ST/touchgfx/framework/include/touchgfx/UIEventListener.hpp:93:13:touchgfx::UIEventListener::~UIEventListener()	16	static
../Middlewares/ST/touchgfx/framework/include/touchgfx/UIEventListener.hpp:93:13:virtual touchgfx::UIEventListener::~UIEventListener()	16	static
../Middlewares/ST/touchgfx/framework/include/touchgfx/hal/HAL.hpp:106:13:touchgfx::HAL::~HAL()	16	static
../Middlewares/ST/touchgfx/framework/include/touchgfx/hal/HAL.hpp:106:13:virtual touchgfx::HAL::~HAL()	16	static
../Middlewares/ST/touchgfx/framework/include/touchgfx/hal/HAL.hpp:129:18:virtual void touchgfx::HAL::setDisplayOrientation(touchgfx::DisplayOrientation)	16	static
../Middlewares/ST/touchgfx/framework/include/touchgfx/hal/HAL.hpp:161:18:virtual void touchgfx::HAL::setFrameBufferSize(uint16_t, uint16_t)	16	static
../Middlewares/ST/touchgfx/framework/include/touchgfx/hal/HAL.hpp:240:18:virtual void touchgfx::HAL::submitGPU2D()	16	static
../Middlewares/ST/touchgfx/framework/include/touchgfx/hal/HAL.hpp:308:17:static touchgfx::LCD& touchgfx::HAL::lcd()	4	static
../Middlewares/ST/touchgfx/framework/include/touchgfx/hal/HAL.hpp:356:28:virtual touchgfx::BlitOperations touchgfx::HAL::getBlitCaps()	16	static
../Middlewares/ST/touchgfx/framework/include/touchgfx/hal/HAL.hpp:683:18:virtual void touchgfx::HAL::backPorchExited()	16	static
../Middlewares/ST/touchgfx/framework/include/touchgfx/hal/HAL.hpp:715:18:virtual bool touchgfx::HAL::sampleKey(uint8_t&)	16	static
../Middlewares/ST/touchgfx/framework/include/touchgfx/hal/HAL.hpp:765:18:virtual void touchgfx::HAL::setFrameBufferStartAddresses(void*, void*, void*)	24	static
../Middlewares/ST/touchgfx/framework/include/touchgfx/hal/HAL.hpp:782:18:virtual void touchgfx::HAL::setAnimationStorage(void*)	16	static
../Middlewares/ST/touchgfx/framework/include/touchgfx/hal/HAL.hpp:820:18:virtual void touchgfx::HAL::waitForLTDCLines(uint16_t)	16	static
../Middlewares/ST/touchgfx/framework/include/touchgfx/hal/HAL.hpp:943:30:virtual touchgfx::FlashDataReader* touchgfx::HAL::getFlashDataReader() const	16	static
../Middlewares/ST/touchgfx/framework/include/touchgfx/hal/HAL.hpp:1105:18:virtual void touchgfx::HAL::taskDelay(uint16_t)	16	static
../Middlewares/ST/touchgfx/framework/include/touchgfx/hal/HAL.hpp:1132:22:virtual uint16_t touchgfx::HAL::getTFTCurrentLine()	16	static
../Middlewares/ST/touchgfx/framework/include/touchgfx/hal/HAL.hpp:1143:21:virtual touchgfx::DMAType touchgfx::HAL::getDMAType()	16	static
../Middlewares/ST/touchgfx/framework/include/touchgfx/hal/HAL.hpp:1290:18:virtual void touchgfx::HAL::partialLTDCDeadlineMissed()	16	static
../Middlewares/ST/touchgfx/framework/include/touchgfx/hal/HAL.hpp:1341:18:virtual void touchgfx::HAL::performDisplayOrientationChange()	24	static
../Middlewares/ST/touchgfx/framework/include/touchgfx/hal/HAL.hpp:1368:18:virtual void touchgfx::HAL::InvalidateCache()	16	static
../Middlewares/ST/touchgfx/framework/include/touchgfx/hal/HAL.hpp:1378:18:virtual void touchgfx::HAL::FlushCache()	16	static
../Middlewares/ST/touchgfx/framework/include/touchgfx/hal/HAL.hpp:1388:18:virtual void touchgfx::HAL::InvalidateTextureCache()	16	static
../TouchGFX/target/generated/TouchGFXGeneratedHAL.hpp:106:18:virtual void TouchGFXGeneratedHAL::flushFrameBuffer()	16	static
../TouchGFX/target/generated/TouchGFXGeneratedHAL.hpp:30:7:TouchGFXGeneratedHAL::~TouchGFXGeneratedHAL()	16	static
../TouchGFX/target/generated/TouchGFXGeneratedHAL.hpp:30:7:virtual TouchGFXGeneratedHAL::~TouchGFXGeneratedHAL()	16	static
../TouchGFX/target/TouchGFXHAL.hpp:108:18:virtual void TouchGFXHAL::flushFrameBuffer()	16	static
../Middlewares/ST/touchgfx/framework/include/mvp/MVPHeap.hpp:48:5:touchgfx::MVPHeap::MVPHeap(touchgfx::AbstractPartition&, touchgfx::AbstractPartition&, touchgfx::AbstractPartition&, touchgfx::MVPApplication&)	24	static
../Middlewares/ST/touchgfx/framework/include/mvp/MVPHeap.hpp:60:13:touchgfx::MVPHeap::~MVPHeap()	16	static
../Middlewares/ST/touchgfx/framework/include/mvp/MVPHeap.hpp:60:13:virtual touchgfx::MVPHeap::~MVPHeap()	16	static
../Middlewares/ST/touchgfx/framework/include/touchgfx/Application.hpp:72:18:virtual void touchgfx::Application::changeToStartScreen()	16	static
../Middlewares/ST/touchgfx/framework/include/touchgfx/Application.hpp:91:18:virtual void touchgfx::Application::appSwitchScreen(uint8_t)	16	static
../Middlewares/ST/touchgfx/framework/include/touchgfx/Application.hpp:104:18:virtual void touchgfx::Application::requestRedraw(touchgfx::Rect&)	16	static
../Middlewares/ST/touchgfx/framework/include/touchgfx/Callback.hpp:179:13:touchgfx::GenericCallback<void>::~GenericCallback()	16	static
../Middlewares/ST/touchgfx/framework/include/touchgfx/Callback.hpp:179:13:virtual touchgfx::GenericCallback<void>::~GenericCallback()	16	static
../Middlewares/ST/touchgfx/framework/include/touchgfx/Application.hpp:41:7:touchgfx::Application::~Application()	16	static
../Middlewares/ST/touchgfx/framework/include/touchgfx/Application.hpp:41:7:virtual touchgfx::Application::~Application()	16	static
../Middlewares/ST/touchgfx/framework/include/mvp/MVPApplication.hpp:59:18:virtual void touchgfx::MVPApplication::handlePendingScreenTransition()	16	static
../Middlewares/ST/touchgfx/framework/include/mvp/MVPApplication.hpp:73:10:void touchgfx::MVPApplication::evaluatePendingScreenTransition()	16	static
../TouchGFX/gui/include/gui/model/Model.hpp:35:10:void Model::setSoundToggledCallback(SoundToggledCallback)	16	static
../Middlewares/ST/touchgfx/framework/include/mvp/MVPApplication.hpp:43:7:touchgfx::MVPApplication::~MVPApplication()	16	static
../Middlewares/ST/touchgfx/framework/include/mvp/MVPApplication.hpp:43:7:virtual touchgfx::MVPApplication::~MVPApplication()	16	static
../Middlewares/ST/touchgfx/framework/include/touchgfx/Callback.hpp:424:8:touchgfx::Callback<FrontendApplicationBase>::~Callback()	16	static
../Middlewares/ST/touchgfx/framework/include/touchgfx/Callback.hpp:424:8:virtual touchgfx::Callback<FrontendApplicationBase>::~Callback()	16	static
../TouchGFX/generated/gui_generated/include/gui_generated/common/FrontendApplicationBase.hpp:16:13:FrontendApplicationBase::~FrontendApplicationBase()	16	static
../TouchGFX/generated/gui_generated/include/gui_generated/common/FrontendApplicationBase.hpp:16:13:virtual FrontendApplicationBase::~FrontendApplicationBase()	16	static
../TouchGFX/generated/gui_generated/include/gui_generated/common/FrontendApplicationBase.hpp:18:18:virtual void FrontendApplicationBase::changeToStartScreen()	16	static
../Middlewares/ST/touchgfx/framework/include/touchgfx/Callback.hpp:424:8:touchgfx::Callback<FrontendApplication>::~Callback()	16	static
../Middlewares/ST/touchgfx/framework/include/touchgfx/Callback.hpp:424:8:virtual touchgfx::Callback<FrontendApplication>::~Callback()	16	static
../TouchGFX/gui/include/gui/common/FrontendApplication.hpp:14:13:FrontendApplication::~FrontendApplication()	16	static
../TouchGFX/gui/include/gui/common/FrontendApplication.hpp:14:13:virtual FrontendApplication::~FrontendApplication()	16	static
../TouchGFX/generated/gui_generated/include/gui_generated/common/FrontendHeapBase.hpp:106:18:virtual void FrontendHeapBase::gotoStartScreen(FrontendApplication&)	16	static
../TouchGFX/generated/gui_generated/include/gui_generated/common/FrontendHeapBase.hpp:111:5:FrontendHeapBase::FrontendHeapBase(touchgfx::AbstractPartition&, touchgfx::AbstractPartition&, touchgfx::AbstractPartition&, FrontendApplication&)	32	static
../TouchGFX/generated/gui_generated/include/gui_generated/common/FrontendHeapBase.hpp:48:7:FrontendHeapBase::~FrontendHeapBase()	16	static
../TouchGFX/generated/gui_generated/include/gui_generated/common/FrontendHeapBase.hpp:48:7:virtual FrontendHeapBase::~FrontendHeapBase()	16	static
../Middlewares/ST/touchgfx/framework/include/common/Partition.hpp:42:7:touchgfx::Partition<touchgfx::meta::TypeList<ScreenMenuPresenter, touchgfx::meta::TypeList<touchgfx::meta::Nil, touchgfx::meta::Nil> >, 1>::~Partition()	16	static
../Middlewares/ST/touchgfx/framework/include/common/Partition.hpp:42:7:virtual touchgfx::Partition<touchgfx::meta::TypeList<ScreenMenuPresenter, touchgfx::meta::TypeList<touchgfx::meta::Nil, touchgfx::meta::Nil> >, 1>::~Partition()	16	static
../Middlewares/ST/touchgfx/framework/include/common/Partition.hpp:42:7:touchgfx::Partition<touchgfx::meta::TypeList<mainscreenView, touchgfx::meta::TypeList<touchgfx::meta::Nil, touchgfx::meta::Nil> >, 1>::~Partition()	16	static
../Middlewares/ST/touchgfx/framework/include/common/Partition.hpp:42:7:virtual touchgfx::Partition<touchgfx::meta::TypeList<mainscreenView, touchgfx::meta::TypeList<touchgfx::meta::Nil, touchgfx::meta::Nil> >, 1>::~Partition()	16	static
../Middlewares/ST/touchgfx/framework/include/common/Partition.hpp:42:7:touchgfx::Partition<touchgfx::meta::TypeList<touchgfx::NoTransition, touchgfx::meta::TypeList<touchgfx::meta::Nil, touchgfx::meta::Nil> >, 1>::~Partition()	16	static
../Middlewares/ST/touchgfx/framework/include/common/Partition.hpp:42:7:virtual touchgfx::Partition<touchgfx::meta::TypeList<touchgfx::NoTransition, touchgfx::meta::TypeList<touchgfx::meta::Nil, touchgfx::meta::Nil> >, 1>::~Partition()	16	static
../TouchGFX/gui/include/gui/common/FrontendHeap.hpp:6:7:FrontendHeap::~FrontendHeap()	16	static
../TouchGFX/gui/include/gui/common/FrontendHeap.hpp:6:7:virtual FrontendHeap::~FrontendHeap()	16	static
../TouchGFX/gui/include/gui/common/FrontendHeap.hpp:56:29:void __tcf_0()	8	static
../TouchGFX/gui/include/gui/common/FrontendHeap.hpp:54:26:static FrontendHeap& FrontendHeap::getInstance()	8	static,ignoring_inline_asm
../Middlewares/ST/touchgfx/framework/include/common/Partition.hpp:42:7:touchgfx::Partition<touchgfx::meta::TypeList<ScreenMenuPresenter, touchgfx::meta::TypeList<touchgfx::meta::Nil, touchgfx::meta::Nil> >, 1>::Partition()	16	static
../Middlewares/ST/touchgfx/framework/include/common/Partition.hpp:42:7:touchgfx::Partition<touchgfx::meta::TypeList<mainscreenView, touchgfx::meta::TypeList<touchgfx::meta::Nil, touchgfx::meta::Nil> >, 1>::Partition()	16	static
../Middlewares/ST/touchgfx/framework/include/common/Partition.hpp:42:7:touchgfx::Partition<touchgfx::meta::TypeList<touchgfx::NoTransition, touchgfx::meta::TypeList<touchgfx::meta::Nil, touchgfx::meta::Nil> >, 1>::Partition()	16	static
../TouchGFX/gui/include/gui/common/FrontendHeap.hpp:67:5:FrontendHeap::FrontendHeap()	32	static
../TouchGFX/target/TouchGFXHAL.cpp:38:34:PanelApp_WireTouchGfx()::<lambda(bool)>	16	static
../TouchGFX/target/TouchGFXHAL.cpp:38:34:static void PanelApp_WireTouchGfx()::<lambda(bool)>::_FUN(bool)	16	static
../TouchGFX/target/TouchGFXHAL.cpp:38:34:PanelApp_WireTouchGfx()::<lambda(bool)>::operator void (*)(bool)() const	16	static
../TouchGFX/target/TouchGFXHAL.cpp:35:17:void PanelApp_WireTouchGfx()	16	static
../TouchGFX/target/TouchGFXHAL.cpp:46:17:void TGFX_SignalVSync()	8	static
../TouchGFX/target/TouchGFXHAL.cpp:51:6:virtual void TouchGFXHAL::initialize()	16	static
../TouchGFX/target/TouchGFXHAL.cpp:61:11:virtual uint16_t* TouchGFXHAL::getTFTFrameBuffer() const	16	static
../TouchGFX/target/TouchGFXHAL.cpp:76:6:virtual void TouchGFXHAL::setTFTFrameBuffer(uint16_t*)	16	static
../TouchGFX/target/TouchGFXHAL.cpp:93:6:virtual void TouchGFXHAL::flushFrameBuffer(const touchgfx::Rect&)	40	static
../TouchGFX/target/TouchGFXHAL.cpp:108:6:virtual bool TouchGFXHAL::blockCopy(void*, const void*, uint32_t)	24	static
../TouchGFX/target/TouchGFXHAL.cpp:117:6:virtual void TouchGFXHAL::configureInterrupts()	16	static
../TouchGFX/target/TouchGFXHAL.cpp:130:6:virtual void TouchGFXHAL::enableInterrupts()	16	static
../TouchGFX/target/TouchGFXHAL.cpp:143:6:virtual void TouchGFXHAL::disableInterrupts()	16	static
../TouchGFX/target/TouchGFXHAL.cpp:157:6:virtual void TouchGFXHAL::enableLCDControllerInterrupt()	16	static
../TouchGFX/target/TouchGFXHAL.cpp:167:6:virtual bool TouchGFXHAL::beginFrame()	16	static
../TouchGFX/target/TouchGFXHAL.cpp:172:6:virtual void TouchGFXHAL::endFrame()	16	static
../TouchGFX/target/TouchGFXHAL.hpp:36:7:TouchGFXHAL::~TouchGFXHAL()	16	static
../TouchGFX/target/TouchGFXHAL.hpp:36:7:virtual TouchGFXHAL::~TouchGFXHAL()	16	static
../Middlewares/ST/touchgfx/framework/include/common/Partition.hpp:58:22:uint16_t touchgfx::Partition<ListOfTypes, NUMBER_OF_ELEMENTS>::capacity() const [with ListOfTypes = touchgfx::meta::TypeList<touchgfx::NoTransition, touchgfx::meta::TypeList<touchgfx::meta::Nil, touchgfx::meta::Nil> >; short unsigned int NUMBER_OF_ELEMENTS = 1]	16	static
../Middlewares/ST/touchgfx/framework/include/common/Partition.hpp:63:22:uint32_t touchgfx::Partition<ListOfTypes, NUMBER_OF_ELEMENTS>::element_size() [with ListOfTypes = touchgfx::meta::TypeList<touchgfx::NoTransition, touchgfx::meta::TypeList<touchgfx::meta::Nil, touchgfx::meta::Nil> >; short unsigned int NUMBER_OF_ELEMENTS = 1]	16	static
../Middlewares/ST/touchgfx/framework/include/common/Partition.hpp:69:19:void* touchgfx::Partition<ListOfTypes, NUMBER_OF_ELEMENTS>::element(uint16_t) [with ListOfTypes = touchgfx::meta::TypeList<touchgfx::NoTransition, touchgfx::meta::TypeList<touchgfx::meta::Nil, touchgfx::meta::Nil> >; short unsigned int NUMBER_OF_ELEMENTS = 1]	16	static
../Middlewares/ST/touchgfx/framework/include/common/Partition.hpp:74:25:const void* touchgfx::Partition<ListOfTypes, NUMBER_OF_ELEMENTS>::element(uint16_t) const [with ListOfTypes = touchgfx::meta::TypeList<touchgfx::NoTransition, touchgfx::meta::TypeList<touchgfx::meta::Nil, touchgfx::meta::Nil> >; short unsigned int NUMBER_OF_ELEMENTS = 1]	16	static
../Middlewares/ST/touchgfx/framework/include/common/Partition.hpp:58:22:uint16_t touchgfx::Partition<ListOfTypes, NUMBER_OF_ELEMENTS>::capacity() const [with ListOfTypes = touchgfx::meta::TypeList<mainscreenView, touchgfx::meta::TypeList<touchgfx::meta::Nil, touchgfx::meta::Nil> >; short unsigned int NUMBER_OF_ELEMENTS = 1]	16	static
../Middlewares/ST/touchgfx/framework/include/common/Partition.hpp:63:22:uint32_t touchgfx::Partition<ListOfTypes, NUMBER_OF_ELEMENTS>::element_size() [with ListOfTypes = touchgfx::meta::TypeList<mainscreenView, touchgfx::meta::TypeList<touchgfx::meta::Nil, touchgfx::meta::Nil> >; short unsigned int NUMBER_OF_ELEMENTS = 1]	16	static
../Middlewares/ST/touchgfx/framework/include/common/Partition.hpp:69:19:void* touchgfx::Partition<ListOfTypes, NUMBER_OF_ELEMENTS>::element(uint16_t) [with ListOfTypes = touchgfx::meta::TypeList<mainscreenView, touchgfx::meta::TypeList<touchgfx::meta::Nil, touchgfx::meta::Nil> >; short unsigned int NUMBER_OF_ELEMENTS = 1]	16	static
../Middlewares/ST/touchgfx/framework/include/common/Partition.hpp:74:25:const void* touchgfx::Partition<ListOfTypes, NUMBER_OF_ELEMENTS>::element(uint16_t) const [with ListOfTypes = touchgfx::meta::TypeList<mainscreenView, touchgfx::meta::TypeList<touchgfx::meta::Nil, touchgfx::meta::Nil> >; short unsigned int NUMBER_OF_ELEMENTS = 1]	16	static
../Middlewares/ST/touchgfx/framework/include/common/Partition.hpp:58:22:uint16_t touchgfx::Partition<ListOfTypes, NUMBER_OF_ELEMENTS>::capacity() const [with ListOfTypes = touchgfx::meta::TypeList<ScreenMenuPresenter, touchgfx::meta::TypeList<touchgfx::meta::Nil, touchgfx::meta::Nil> >; short unsigned int NUMBER_OF_ELEMENTS = 1]	16	static
../Middlewares/ST/touchgfx/framework/include/common/Partition.hpp:63:22:uint32_t touchgfx::Partition<ListOfTypes, NUMBER_OF_ELEMENTS>::element_size() [with ListOfTypes = touchgfx::meta::TypeList<ScreenMenuPresenter, touchgfx::meta::TypeList<touchgfx::meta::Nil, touchgfx::meta::Nil> >; short unsigned int NUMBER_OF_ELEMENTS = 1]	16	static
../Middlewares/ST/touchgfx/framework/include/common/Partition.hpp:69:19:void* touchgfx::Partition<ListOfTypes, NUMBER_OF_ELEMENTS>::element(uint16_t) [with ListOfTypes = touchgfx::meta::TypeList<ScreenMenuPresenter, touchgfx::meta::TypeList<touchgfx::meta::Nil, touchgfx::meta::Nil> >; short unsigned int NUMBER_OF_ELEMENTS = 1]	16	static
../Middlewares/ST/touchgfx/framework/include/common/Partition.hpp:74:25:const void* touchgfx::Partition<ListOfTypes, NUMBER_OF_ELEMENTS>::element(uint16_t) const [with ListOfTypes = touchgfx::meta::TypeList<ScreenMenuPresenter, touchgfx::meta::TypeList<touchgfx::meta::Nil, touchgfx::meta::Nil> >; short unsigned int NUMBER_OF_ELEMENTS = 1]	16	static
../Middlewares/ST/touchgfx/framework/include/touchgfx/Callback.hpp:449:18:void touchgfx::Callback<dest_type, void, void, void>::execute() [with dest_type = FrontendApplication]	16	static
../Middlewares/ST/touchgfx/framework/include/touchgfx/Callback.hpp:459:18:bool touchgfx::Callback<dest_type, void, void, void>::isValid() const [with dest_type = FrontendApplication]	16	static
../Middlewares/ST/touchgfx/framework/include/touchgfx/Callback.hpp:449:18:void touchgfx::Callback<dest_type, void, void, void>::execute() [with dest_type = FrontendApplicationBase]	16	static
../Middlewares/ST/touchgfx/framework/include/touchgfx/Callback.hpp:459:18:bool touchgfx::Callback<dest_type, void, void, void>::isValid() const [with dest_type = FrontendApplicationBase]	16	static
