../Core/Src/beeper.c:92:16:Beeper_OneShotExpired	8	static
../Core/Src/beeper.c:97:13:Beeper_ArmOneShotMs	24	static
../Core/Src/beeper.c:103:13:Beeper_SetNoteHz	16	static
../Core/Src/beeper.c:114:17:Beeper_MsToTicks	24	static
../Core/Src/beeper.c:124:17:Beeper_Tim6ClockHz	40	static
../Core/Src/beeper.c:137:13:Beeper_Tim6Configure	24	static
../Core/Src/beeper.c:165:13:Beeper_DacWrite	16	static
../Core/Src/beeper.c:173:13:Beeper_Pa5Analog	32	static
../Core/Src/beeper.c:183:13:Beeper_DacInit	264	static
../Core/Src/beeper.c:230:6:Beeper_HwStart	8	static
../Core/Src/beeper.c:236:13:Beeper_ToneStop	8	static
../Core/Src/beeper.c:245:6:Beeper_ToneStart	8	static
../Core/Src/beeper.c:260:13:Beeper_EnsureIdle	8	static
../Core/Src/beeper.c:267:6:Beeper_OnTim6Tick	16	static
../Core/Src/beeper.c:285:13:Beeper_On	8	static
../Core/Src/beeper.c:290:13:Beeper_Off	8	static
../Core/Src/beeper.c:295:13:Beeper_StartJumpSweep	24	static
../Core/Src/beeper.c:307:13:Beeper_PlayNoteMs	16	static
../Core/Src/beeper.c:322:16:Beeper_IsOneShotState	16	static
../Core/Src/beeper.c:329:13:Beeper_CaptureResumeStateIfNeeded	4	static
../Core/Src/beeper.c:350:13:Beeper_RestoreAfterOneShot	8	static
../Core/Src/beeper.c:395:6:Beeper_Init	4	static
../Core/Src/beeper.c:412:6:Beeper_ShortBeep	8	static
../Core/Src/beeper.c:427:6:Beeper_DoubleShortBeep	8	static
../Core/Src/beeper.c:441:6:Beeper_LongBeep	8	static
../Core/Src/beeper.c:454:6:Beeper_LongBeep1300ms	8	static
../Core/Src/beeper.c:462:6:Beeper_ContinuousOn	8	static
../Core/Src/beeper.c:472:6:Beeper_FireAlarmOn	8	static
../Core/Src/beeper.c:482:6:Beeper_FireAlarmOff	8	static
../Core/Src/beeper.c:493:6:Beeper_ContinuousOff	8	static
../Core/Src/beeper.c:503:6:Beeper_StopPattern	8	static
../Core/Src/beeper.c:515:6:Beeper_ContinuousToggle	8	static
../Core/Src/beeper.c:527:6:Beeper_PlayOneShotMs	16	static
../Core/Src/beeper.c:538:6:Beeper_StartupBeep	8	static
../Core/Src/beeper.c:555:6:Beeper_StartPulseTrain	24	static
../Core/Src/beeper.c:575:6:Beeper_ButtonAcknowledge	8	static
../Core/Src/beeper.c:592:6:Beeper_PlayIndicationTest	16	static
../Core/Src/beeper.c:622:6:Beeper_Process	8	static
../Core/Src/beeper.c:748:6:Beeper_SoundOnOff	16	static
../Core/Src/beeper.c:758:6:Beeper_SetSoundStateUiCallback	16	static
../Core/Src/beeper.c:763:6:Beeper_ResumeSoundOnNewEvent	8	static
