../Core/Src/main.c:98:6:HAL_TIM_PeriodElapsedCallback	2
../Core/Src/main.c:112:5:main	5
../Core/Src/main.c:214:6:SystemClock_Config	5
../Core/Src/main.c:285:13:MX_ADC1_Init	3
../Core/Src/main.c:344:13:MX_CRC_Init	2
../Core/Src/main.c:375:13:MX_DAC1_Init	3
../Core/Src/main.c:421:13:MX_DTS_Init	2
../Core/Src/main.c:454:13:MX_FLASH_Init	3
../Core/Src/main.c:483:13:MX_GPDMA1_Init	1
../Core/Src/main.c:511:13:MX_I2C2_Init	4
../Core/Src/main.c:559:13:MX_ICACHE_Init	3
../Core/Src/main.c:591:13:MX_RTC_Init	5
../Core/Src/main.c:666:13:MX_SPI3_Init	2
../Core/Src/main.c:714:13:MX_TIM1_Init	4
../Core/Src/main.c:761:13:MX_TIM2_Init	4
../Core/Src/main.c:807:13:MX_TIM6_Init	1
../Core/Src/main.c:829:13:MX_UART4_Init	5
../Core/Src/main.c:877:13:MX_GPIO_Init	1
../Core/Src/main.c:933:6:MPU_Config	1
../Core/Src/main.c:969:6:Error_Handler	1
