../Core/Src/panel_stubs.c:15:6:SaveConfig	4	static
../Core/Src/panel_stubs.c:18:6:Fire_Init	4	static
../Core/Src/panel_stubs.c:19:6:Fire_Timer1ms	4	static
../Core/Src/panel_stubs.c:20:6:Fire_Timer10ms	4	static
../Core/Src/panel_stubs.c:21:6:Fire_OnStatusFire	16	static
../Core/Src/panel_stubs.c:22:6:Fire_OnReplyStatusFire	16	static
../Core/Src/panel_stubs.c:23:6:Fire_OnStopExtinguishment	16	static
../Core/Src/panel_stubs.c:24:6:Fire_OnBusStartSpButton	16	static
../Core/Src/panel_stubs.c:25:6:Fire_OnStartExtinguishment	16	static
../Core/Src/panel_stubs.c:26:6:Fire_OnReplyStartExtinguishment	16	static
../Core/Src/panel_stubs.c:27:6:Fire_OnReplyStopExtinguishment	16	static
../Core/Src/panel_stubs.c:28:6:Fire_OnPauseExtinguishmentTimer	16	static
../Core/Src/panel_stubs.c:29:6:Fire_OnResumeExtinguishmentTimer	16	static
../Core/Src/panel_stubs.c:30:6:Fire_OnReplyPauseExtinguishmentTimer	16	static
../Core/Src/panel_stubs.c:31:6:Fire_OnReplyResumeExtinguishmentTimer	16	static
../Core/Src/panel_stubs.c:32:9:Fire_IsActive	4	static
../Core/Src/panel_stubs.c:33:9:Fire_HasExtinguishIncomplete	4	static
../Core/Src/panel_stubs.c:34:9:Fire_IsStartAllHoldActive	4	static
../Core/Src/panel_stubs.c:35:6:Fire_UiSetManualSelection	16	static
../Core/Src/panel_stubs.c:40:6:Fire_NotifyZoneModeChanged	4	static
../Core/Src/panel_stubs.c:47:6:MenuUi_SetConfigSession	16	static
../Core/Src/panel_stubs.c:48:9:MenuUi_IsConfigSessionActive	4	static
../Core/Src/panel_stubs.c:49:6:MenuUi_SetMainScreenActive	16	static
../Core/Src/panel_stubs.c:50:9:MenuUi_IsMainScreenActive	4	static
../Core/Src/panel_stubs.c:51:6:Esp32_SetEnabled	16	static
../Core/Src/panel_stubs.c:52:9:Esp32_IsEnabled	4	static
../Core/Src/panel_stubs.c:53:6:MenuConfig_Reset	4	static
../Core/Src/panel_stubs.c:54:6:MenuConfig_OnWordReceived	16	static
../Core/Src/panel_stubs.c:55:6:MenuConfig_OnSaveCompleted	4	static
../Core/Src/panel_stubs.c:56:6:MenuConfig_OnApplySuccess	4	static
../Core/Src/panel_stubs.c:57:14:MenuConfig_GetState	4	static
../Core/Src/panel_stubs.c:58:9:MenuConfig_GetPercent	4	static
../Core/Src/panel_stubs.c:59:6:MenuUi_SetMcuDetailSlot	16	static
../Core/Src/panel_stubs.c:60:9:MenuUi_GetMcuDetailSlot	4	static
../Core/Src/panel_stubs.c:62:6:EspManager_Init	4	static
../Core/Src/panel_stubs.c:63:6:EspManager_Process	16	static
../Core/Src/panel_stubs.c:64:6:EspManager_OnEspPoweredOn	4	static
../Core/Src/panel_stubs.c:65:6:EspManager_OnEspPoweredOff	4	static
../Core/Src/panel_stubs.c:66:6:EspManager_OnActivity	16	static
../Core/Src/panel_stubs.c:67:6:EspManager_RequestWifiEnable	4	static
../Core/Src/panel_stubs.c:68:9:EspManager_IsOnline	4	static
../Core/Src/panel_stubs.c:69:9:EspManager_IsWifiEnabled	4	static
../Core/Src/panel_stubs.c:70:9:EspManager_IsHostConnected	4	static
../Core/Src/panel_stubs.c:71:9:EspManager_IsLinkActive	4	static
../Core/Src/panel_stubs.c:73:9:PPKY_ZoneFireModeGet	16	static
../Core/Src/panel_stubs.c:74:6:PPKY_ZoneFireModeSet	16	static
../Core/Src/panel_stubs.c:75:9:PPKY_ZoneEffectiveMode	16	static
../Core/Src/panel_stubs.c:76:9:PPKY_ZoneLaunchBlockedByCanZone	16	static
../Core/Src/panel_stubs.c:77:9:PPKY_ZoneIsManualByCanZone	16	static
../Core/Src/panel_stubs.c:78:9:PPKY_AnyZoneManualOrBlocked	4	static
../Core/Src/panel_stubs.c:79:6:PPKY_ZoneFireModeInitFromGlobal	4	static
../Core/Src/panel_stubs.c:80:6:PPKY_ZoneModeUiNotify	16	static
../Core/Src/panel_stubs.c:81:9:PPKY_ZoneModeUiConsumeNew	16	static
../Core/Src/panel_stubs.c:87:6:ConfigIgnBlockSync_Init	4	static
../Core/Src/panel_stubs.c:88:6:ConfigIgnBlockSync_Process1ms	16	static
../Core/Src/panel_stubs.c:89:6:ConfigIgnBlockSync_Request	4	static
../Core/Src/panel_stubs.c:90:9:ConfigIgnBlockSync_ShouldDeferCrc	4	static
../Core/Src/panel_stubs.c:92:6:EventLog_LogSoundToggle	16	static
../Core/Src/panel_stubs.c:93:6:EventLog_LogFireModeChange	16	static
../Core/Src/panel_stubs.c:95:6:EventLogUi_FormatRecord	24	static
../Core/Src/panel_stubs.c:109:6:EventLogUi_FormatEmpty	16	static
../Core/Src/panel_stubs.c:120:6:EventLogReader_GetTierInfo	16	static
../Core/Src/panel_stubs.c:132:6:EventLogReader_ReadLogical	24	static
../Core/Src/panel_stubs.c:146:10:EventLogReader_GetCatalogCrc32	4	static
