../Core/Src/stm32h5xx_hal_msp.c:64:6:HAL_MspInit	8	static
../Core/Src/stm32h5xx_hal_msp.c:87:6:HAL_ADC_MspInit	256	static
../Core/Src/stm32h5xx_hal_msp.c:135:6:HAL_ADC_MspDeInit	16	static
../Core/Src/stm32h5xx_hal_msp.c:165:6:HAL_CRC_MspInit	24	static
../Core/Src/stm32h5xx_hal_msp.c:188:6:HAL_CRC_MspDeInit	16	static
../Core/Src/stm32h5xx_hal_msp.c:210:6:HAL_DAC_MspInit	48	static
../Core/Src/stm32h5xx_hal_msp.c:247:6:HAL_DAC_MspDeInit	16	static
../Core/Src/stm32h5xx_hal_msp.c:277:6:HAL_DTS_MspInit	24	static
../Core/Src/stm32h5xx_hal_msp.c:303:6:HAL_DTS_MspDeInit	16	static
../Core/Src/stm32h5xx_hal_msp.c:328:6:HAL_I2C_MspInit	256	static
../Core/Src/stm32h5xx_hal_msp.c:378:6:HAL_I2C_MspDeInit	16	static
../Core/Src/stm32h5xx_hal_msp.c:411:6:HAL_RTC_MspInit	232	static
../Core/Src/stm32h5xx_hal_msp.c:445:6:HAL_RTC_MspDeInit	16	static
../Core/Src/stm32h5xx_hal_msp.c:467:6:HAL_SPI_MspInit	264	static
../Core/Src/stm32h5xx_hal_msp.c:523:6:HAL_SPI_MspDeInit	16	static
../Core/Src/stm32h5xx_hal_msp.c:554:6:HAL_TIM_Base_MspInit	32	static
../Core/Src/stm32h5xx_hal_msp.c:606:6:HAL_TIM_Base_MspDeInit	16	static
../Core/Src/stm32h5xx_hal_msp.c:656:6:HAL_UART_MspInit	256	static
../Core/Src/stm32h5xx_hal_msp.c:732:6:HAL_UART_MspDeInit	16	static
