../Middlewares/ST/touchgfx/framework/include/mvp/Presenter.hpp:37:18:virtual void touchgfx::Presenter::activate()	16	static
../Middlewares/ST/touchgfx/framework/include/mvp/Presenter.hpp:47:18:virtual void touchgfx::Presenter::deactivate()	16	static
../Middlewares/ST/touchgfx/framework/include/mvp/Presenter.hpp:52:13:touchgfx::Presenter::~Presenter()	16	static
../Middlewares/ST/touchgfx/framework/include/mvp/Presenter.hpp:52:13:virtual touchgfx::Presenter::~Presenter()	16	static
../Middlewares/ST/touchgfx/framework/include/mvp/Presenter.hpp:58:5:touchgfx::Presenter::Presenter()	16	static
../TouchGFX/gui/include/gui/model/ModelListener.hpp:9:5:ModelListener::ModelListener()	16	static
../TouchGFX/gui/include/gui/model/ModelListener.hpp:11:13:ModelListener::~ModelListener()	16	static
../TouchGFX/gui/include/gui/model/ModelListener.hpp:11:13:virtual ModelListener::~ModelListener()	16	static
../TouchGFX/gui/include/gui/model/ModelListener.hpp:18:18:virtual void ModelListener::SetupMenuChangePos(unsigned char)	16	static
../TouchGFX/gui/include/gui/model/ModelListener.hpp:19:18:virtual void ModelListener::SetTime(long int)	16	static
../TouchGFX/gui/include/gui/model/ModelListener.hpp:20:18:virtual void ModelListener::setDateTime(uint8_t, uint8_t, uint8_t, uint8_t, uint8_t, uint8_t)	16	static
../TouchGFX/gui/include/gui/model/ModelListener.hpp:22:18:virtual void ModelListener::handleButton(uint8_t, uint8_t)	16	static
../TouchGFX/gui/include/gui/model/ModelListener.hpp:25:18:virtual void ModelListener::onFireStatusChanged(bool, uint8_t, uint8_t, uint8_t, uint8_t, char (*)[65])	16	static
../TouchGFX/gui/include/gui/model/ModelListener.hpp:27:18:virtual void ModelListener::onWarningStatusChanged(bool, uint8_t, char (*)[24], char (*)[65])	24	static
../TouchGFX/gui/include/gui/model/ModelListener.hpp:30:18:virtual void ModelListener::onSoundOnChanged(bool)	16	static
../TouchGFX/gui/include/gui/model/ModelListener.hpp:32:18:virtual void ModelListener::onWifiLinkChanged(bool)	16	static
../TouchGFX/gui/include/gui/model/ModelListener.hpp:33:18:virtual void ModelListener::onAppTick()	16	static
../TouchGFX/gui/include/gui/screenblockzone_screen/ScreenBlockZonePresenter.hpp:22:13:ScreenBlockZonePresenter::~ScreenBlockZonePresenter()	16	static
../TouchGFX/gui/include/gui/screenblockzone_screen/ScreenBlockZonePresenter.hpp:22:13:virtual ScreenBlockZonePresenter::~ScreenBlockZonePresenter()	16	static
../TouchGFX/gui/src/screenblockzone_screen/ScreenBlockZonePresenter.cpp:15:1:ScreenBlockZonePresenter::ScreenBlockZonePresenter(ScreenBlockZoneView&)	16	static
../TouchGFX/gui/src/screenblockzone_screen/ScreenBlockZonePresenter.cpp:20:6:virtual void ScreenBlockZonePresenter::activate()	16	static
../TouchGFX/gui/src/screenblockzone_screen/ScreenBlockZonePresenter.cpp:27:6:virtual void ScreenBlockZonePresenter::deactivate()	16	static
../TouchGFX/gui/src/screenblockzone_screen/ScreenBlockZonePresenter.cpp:32:6:virtual void ScreenBlockZonePresenter::handleButton(uint8_t, uint8_t)	24	static
